OpenJDK 64-Bit Server VM (25.352-b08) for linux-amd64 JRE (1.8.0_352-b08), built on Aug 18 2022 00:00:00 by "root" with gcc 11.3.1 20220421 (Red Hat 11.3.1-2)
Memory: 4k page, physical 16252432k(4600120k free), swap 2097148k(2097148k free)
CommandLine flags: -XX:+ExplicitGCInvokesConcurrent -XX:GCLogFileSize=104857600 -XX:InitialHeapSize=1073741824 -XX:InitiatingHeapOccupancyPercent=35 -XX:+ManagementServer -XX:MaxGCPauseMillis=20 -XX:MaxHeapSize=1073741824 -XX:MaxInlineLevel=15 -XX:NumberOfGCLogFiles=10 -XX:+PrintGC -XX:+PrintGCDateStamps -XX:+PrintGCDetails -XX:+PrintGCTimeStamps -XX:+UseCompressedClassPointers -XX:+UseCompressedOops -XX:+UseG1GC -XX:+UseGCLogFileRotation 
2023-01-17T20:32:12.931+0000: 0.570: [GC pause (G1 Evacuation Pause) (young), 0.0051185 secs]
   [Parallel Time: 2.3 ms, GC Workers: 8]
      [GC Worker Start (ms): Min: 570.4, Avg: 570.4, Max: 570.4, Diff: 0.1]
      [Ext Root Scanning (ms): Min: 0.1, Avg: 0.3, Max: 1.0, Diff: 0.9, Sum: 2.2]
      [Update RS (ms): Min: 0.0, Avg: 0.0, Max: 0.0, Diff: 0.0, Sum: 0.0]
         [Processed Buffers: Min: 0, Avg: 0.0, Max: 0, Diff: 0, Sum: 0]
      [Scan RS (ms): Min: 0.0, Avg: 0.0, Max: 0.0, Diff: 0.0, Sum: 0.0]
      [Code Root Scanning (ms): Min: 0.0, Avg: 0.1, Max: 0.2, Diff: 0.2, Sum: 0.6]
      [Object Copy (ms): Min: 1.2, Avg: 1.8, Max: 2.0, Diff: 0.8, Sum: 14.5]
      [Termination (ms): Min: 0.0, Avg: 0.0, Max: 0.0, Diff: 0.0, Sum: 0.2]
         [Termination Attempts: Min: 1, Avg: 48.4, Max: 63, Diff: 62, Sum: 387]
      [GC Worker Other (ms): Min: 0.0, Avg: 0.0, Max: 0.0, Diff: 0.0, Sum: 0.1]
      [GC Worker Total (ms): Min: 2.2, Avg: 2.2, Max: 2.2, Diff: 0.1, Sum: 17.6]
      [GC Worker End (ms): Min: 572.6, Avg: 572.6, Max: 572.6, Diff: 0.0]
   [Code Root Fixup: 0.0 ms]
   [Code Root Purge: 0.0 ms]
   [Clear CT: 0.3 ms]
   [Other: 2.5 ms]
      [Choose CSet: 0.0 ms]
      [Ref Proc: 2.1 ms]
      [Ref Enq: 0.0 ms]
      [Redirty Cards: 0.2 ms]
      [Humongous Register: 0.0 ms]
      [Humongous Reclaim: 0.0 ms]
      [Free CSet: 0.0 ms]
   [Eden: 52224.0K(52224.0K)->0.0B(45056.0K) Survivors: 0.0B->7168.0K Heap: 52224.0K(1024.0M)->9224.0K(1024.0M)]
 [Times: user=0.02 sys=0.00, real=0.00 secs] 
2023-01-17T20:32:13.081+0000: 0.720: [GC pause (Metadata GC Threshold) (young) (initial-mark), 0.0045309 secs]
   [Parallel Time: 2.6 ms, GC Workers: 8]
      [GC Worker Start (ms): Min: 720.3, Avg: 720.4, Max: 720.5, Diff: 0.2]
      [Ext Root Scanning (ms): Min: 0.4, Avg: 0.5, Max: 0.7, Diff: 0.3, Sum: 4.3]
      [Update RS (ms): Min: 0.0, Avg: 0.0, Max: 0.1, Diff: 0.1, Sum: 0.1]
         [Processed Buffers: Min: 0, Avg: 0.2, Max: 1, Diff: 1, Sum: 2]
      [Scan RS (ms): Min: 0.0, Avg: 0.0, Max: 0.0, Diff: 0.0, Sum: 0.0]
      [Code Root Scanning (ms): Min: 0.0, Avg: 0.1, Max: 0.5, Diff: 0.5, Sum: 0.5]
      [Object Copy (ms): Min: 1.2, Avg: 1.5, Max: 1.7, Diff: 0.5, Sum: 12.3]
      [Termination (ms): Min: 0.0, Avg: 0.0, Max: 0.0, Diff: 0.0, Sum: 0.0]
         [Termination Attempts: Min: 1, Avg: 1.9, Max: 3, Diff: 2, Sum: 15]
      [GC Worker Other (ms): Min: 0.0, Avg: 0.0, Max: 0.0, Diff: 0.0, Sum: 0.1]
      [GC Worker Total (ms): Min: 2.1, Avg: 2.2, Max: 2.3, Diff: 0.2, Sum: 17.3]
      [GC Worker End (ms): Min: 722.6, Avg: 722.6, Max: 722.6, Diff: 0.0]
   [Code Root Fixup: 0.0 ms]
   [Code Root Purge: 0.0 ms]
   [Clear CT: 0.4 ms]
   [Other: 1.5 ms]
      [Choose CSet: 0.0 ms]
      [Ref Proc: 1.0 ms]
      [Ref Enq: 0.0 ms]
      [Redirty Cards: 0.4 ms]
      [Humongous Register: 0.0 ms]
      [Humongous Reclaim: 0.0 ms]
      [Free CSet: 0.0 ms]
   [Eden: 20480.0K(45056.0K)->0.0B(45056.0K) Survivors: 7168.0K->7168.0K Heap: 29704.0K(1024.0M)->13153.0K(1024.0M)]
 [Times: user=0.01 sys=0.00, real=0.00 secs] 
2023-01-17T20:32:13.085+0000: 0.725: [GC concurrent-root-region-scan-start]
2023-01-17T20:32:13.086+0000: 0.726: [GC concurrent-root-region-scan-end, 0.0007469 secs]
2023-01-17T20:32:13.086+0000: 0.726: [GC concurrent-mark-start]
2023-01-17T20:32:13.089+0000: 0.728: [GC concurrent-mark-end, 0.0023331 secs]
2023-01-17T20:32:13.089+0000: 0.728: [GC remark 2023-01-17T20:32:13.089+0000: 0.728: [Finalize Marking, 0.0002595 secs] 2023-01-17T20:32:13.089+0000: 0.728: [GC ref-proc, 0.0001244 secs] 2023-01-17T20:32:13.089+0000: 0.729: [Unloading, 0.0017582 secs], 0.0024263 secs]
 [Times: user=0.01 sys=0.00, real=0.01 secs] 
2023-01-17T20:32:13.091+0000: 0.731: [GC cleanup 14176K->12128K(1024M), 0.0015670 secs]
 [Times: user=0.00 sys=0.00, real=0.00 secs] 
2023-01-17T20:32:13.093+0000: 0.732: [GC concurrent-cleanup-start]
2023-01-17T20:32:13.093+0000: 0.732: [GC concurrent-cleanup-end, 0.0000071 secs]
2023-01-17T20:32:13.694+0000: 1.333: [GC pause (G1 Evacuation Pause) (young), 0.0045234 secs]
   [Parallel Time: 2.2 ms, GC Workers: 8]
      [GC Worker Start (ms): Min: 1333.3, Avg: 1333.4, Max: 1333.5, Diff: 0.2]
      [Ext Root Scanning (ms): Min: 0.1, Avg: 0.3, Max: 0.8, Diff: 0.7, Sum: 2.3]
      [Update RS (ms): Min: 0.0, Avg: 0.3, Max: 0.5, Diff: 0.5, Sum: 2.0]
         [Processed Buffers: Min: 0, Avg: 2.2, Max: 7, Diff: 7, Sum: 18]
      [Scan RS (ms): Min: 0.0, Avg: 0.1, Max: 0.1, Diff: 0.1, Sum: 0.4]
      [Code Root Scanning (ms): Min: 0.0, Avg: 0.0, Max: 0.1, Diff: 0.1, Sum: 0.3]
      [Object Copy (ms): Min: 1.1, Avg: 1.2, Max: 1.2, Diff: 0.1, Sum: 9.2]
      [Termination (ms): Min: 0.0, Avg: 0.0, Max: 0.0, Diff: 0.0, Sum: 0.1]
         [Termination Attempts: Min: 1, Avg: 15.8, Max: 20, Diff: 19, Sum: 126]
      [GC Worker Other (ms): Min: 0.0, Avg: 0.0, Max: 0.1, Diff: 0.1, Sum: 0.3]
      [GC Worker Total (ms): Min: 1.7, Avg: 1.8, Max: 1.9, Diff: 0.2, Sum: 14.6]
      [GC Worker End (ms): Min: 1335.2, Avg: 1335.2, Max: 1335.3, Diff: 0.1]
   [Code Root Fixup: 0.0 ms]
   [Code Root Purge: 0.0 ms]
   [Clear CT: 0.3 ms]
   [Other: 2.0 ms]
      [Choose CSet: 0.0 ms]
      [Ref Proc: 1.4 ms]
      [Ref Enq: 0.0 ms]
      [Redirty Cards: 0.3 ms]
      [Humongous Register: 0.0 ms]
      [Humongous Reclaim: 0.0 ms]
      [Free CSet: 0.0 ms]
   [Eden: 45056.0K(45056.0K)->0.0B(45056.0K) Survivors: 7168.0K->7168.0K Heap: 56161.0K(1024.0M)->10703.4K(1024.0M)]
 [Times: user=0.02 sys=0.01, real=0.01 secs] 
2023-01-17T20:32:13.988+0000: 1.627: [GC pause (G1 Evacuation Pause) (young), 0.0052597 secs]
   [Parallel Time: 2.8 ms, GC Workers: 8]
      [GC Worker Start (ms): Min: 1627.2, Avg: 1627.4, Max: 1628.1, Diff: 0.9]
      [Ext Root Scanning (ms): Min: 0.0, Avg: 0.3, Max: 1.1, Diff: 1.1, Sum: 2.4]
      [Update RS (ms): Min: 0.0, Avg: 0.1, Max: 0.2, Diff: 0.2, Sum: 0.9]
         [Processed Buffers: Min: 0, Avg: 1.9, Max: 4, Diff: 4, Sum: 15]
      [Scan RS (ms): Min: 0.0, Avg: 0.0, Max: 0.0, Diff: 0.0, Sum: 0.0]
      [Code Root Scanning (ms): Min: 0.0, Avg: 0.1, Max: 0.1, Diff: 0.1, Sum: 0.5]
      [Object Copy (ms): Min: 1.4, Avg: 1.9, Max: 2.1, Diff: 0.6, Sum: 14.9]
      [Termination (ms): Min: 0.0, Avg: 0.0, Max: 0.0, Diff: 0.0, Sum: 0.0]
         [Termination Attempts: Min: 1, Avg: 7.8, Max: 12, Diff: 11, Sum: 62]
      [GC Worker Other (ms): Min: 0.0, Avg: 0.0, Max: 0.0, Diff: 0.0, Sum: 0.0]
      [GC Worker Total (ms): Min: 1.6, Avg: 2.3, Max: 2.6, Diff: 0.9, Sum: 18.8]
      [GC Worker End (ms): Min: 1629.7, Avg: 1629.7, Max: 1629.7, Diff: 0.0]
   [Code Root Fixup: 0.0 ms]
   [Code Root Purge: 0.0 ms]
   [Clear CT: 0.3 ms]
   [Other: 2.1 ms]
      [Choose CSet: 0.0 ms]
      [Ref Proc: 1.6 ms]
      [Ref Enq: 0.0 ms]
      [Redirty Cards: 0.3 ms]
      [Humongous Register: 0.0 ms]
      [Humongous Reclaim: 0.0 ms]
      [Free CSet: 0.0 ms]
   [Eden: 45056.0K(45056.0K)->0.0B(45056.0K) Survivors: 7168.0K->7168.0K Heap: 182.5M(1024.0M)->143.7M(1024.0M)]
 [Times: user=0.02 sys=0.00, real=0.01 secs] 
2023-01-17T20:32:14.141+0000: 1.780: [GC pause (Metadata GC Threshold) (young) (initial-mark), 0.0082658 secs]
   [Parallel Time: 6.0 ms, GC Workers: 8]
      [GC Worker Start (ms): Min: 1780.3, Avg: 1780.4, Max: 1780.4, Diff: 0.1]
      [Ext Root Scanning (ms): Min: 0.6, Avg: 0.9, Max: 1.2, Diff: 0.6, Sum: 7.1]
      [Update RS (ms): Min: 0.0, Avg: 0.2, Max: 0.2, Diff: 0.2, Sum: 1.2]
         [Processed Buffers: Min: 0, Avg: 2.1, Max: 6, Diff: 6, Sum: 17]
      [Scan RS (ms): Min: 0.0, Avg: 0.0, Max: 0.1, Diff: 0.1, Sum: 0.3]
      [Code Root Scanning (ms): Min: 0.0, Avg: 1.0, Max: 4.6, Diff: 4.6, Sum: 8.3]
      [Object Copy (ms): Min: 0.0, Avg: 3.0, Max: 4.1, Diff: 4.1, Sum: 24.3]
      [Termination (ms): Min: 0.0, Avg: 0.6, Max: 0.7, Diff: 0.7, Sum: 5.0]
         [Termination Attempts: Min: 1, Avg: 35.1, Max: 48, Diff: 47, Sum: 281]
      [GC Worker Other (ms): Min: 0.0, Avg: 0.0, Max: 0.0, Diff: 0.0, Sum: 0.0]
      [GC Worker Total (ms): Min: 5.7, Avg: 5.8, Max: 5.9, Diff: 0.2, Sum: 46.2]
      [GC Worker End (ms): Min: 1786.1, Avg: 1786.1, Max: 1786.2, Diff: 0.1]
   [Code Root Fixup: 0.0 ms]
   [Code Root Purge: 0.0 ms]
   [Clear CT: 0.3 ms]
   [Other: 1.9 ms]
      [Choose CSet: 0.0 ms]
      [Ref Proc: 1.6 ms]
      [Ref Enq: 0.0 ms]
      [Redirty Cards: 0.2 ms]
      [Humongous Register: 0.0 ms]
      [Humongous Reclaim: 0.0 ms]
      [Free CSet: 0.0 ms]
   [Eden: 17408.0K(45056.0K)->0.0B(45056.0K) Survivors: 7168.0K->7168.0K Heap: 160.3M(1024.0M)->151.7M(1024.0M)]
 [Times: user=0.05 sys=0.00, real=0.00 secs] 
2023-01-17T20:32:14.149+0000: 1.788: [GC concurrent-root-region-scan-start]
2023-01-17T20:32:14.154+0000: 1.794: [GC concurrent-root-region-scan-end, 0.0050564 secs]
2023-01-17T20:32:14.154+0000: 1.794: [GC concurrent-mark-start]
2023-01-17T20:32:14.161+0000: 1.801: [GC concurrent-mark-end, 0.0071398 secs]
2023-01-17T20:32:14.162+0000: 1.801: [GC remark 2023-01-17T20:32:14.162+0000: 1.801: [Finalize Marking, 0.0008729 secs] 2023-01-17T20:32:14.162+0000: 1.802: [GC ref-proc, 0.0002102 secs] 2023-01-17T20:32:14.163+0000: 1.802: [Unloading, 0.0025611 secs], 0.0048927 secs]
 [Times: user=0.03 sys=0.00, real=0.00 secs] 
2023-01-17T20:32:14.167+0000: 1.806: [GC cleanup 153M->148M(1024M), 0.0011493 secs]
 [Times: user=0.00 sys=0.00, real=0.00 secs] 
2023-01-17T20:32:14.168+0000: 1.807: [GC concurrent-cleanup-start]
2023-01-17T20:32:14.168+0000: 1.807: [GC concurrent-cleanup-end, 0.0000076 secs]
2023-01-17T20:32:14.492+0000: 2.132: [GC pause (G1 Evacuation Pause) (young) (initial-mark), 0.0082255 secs]
   [Parallel Time: 5.8 ms, GC Workers: 8]
      [GC Worker Start (ms): Min: 2131.8, Avg: 2131.9, Max: 2132.0, Diff: 0.2]
      [Ext Root Scanning (ms): Min: 1.2, Avg: 1.4, Max: 1.6, Diff: 0.3, Sum: 11.0]
      [Update RS (ms): Min: 0.4, Avg: 0.5, Max: 0.8, Diff: 0.4, Sum: 4.2]
         [Processed Buffers: Min: 1, Avg: 4.0, Max: 14, Diff: 13, Sum: 32]
      [Scan RS (ms): Min: 0.0, Avg: 0.1, Max: 0.2, Diff: 0.2, Sum: 0.9]
      [Code Root Scanning (ms): Min: 0.0, Avg: 0.0, Max: 0.1, Diff: 0.1, Sum: 0.2]
      [Object Copy (ms): Min: 2.9, Avg: 3.1, Max: 3.2, Diff: 0.3, Sum: 24.7]
      [Termination (ms): Min: 0.0, Avg: 0.0, Max: 0.0, Diff: 0.0, Sum: 0.0]
         [Termination Attempts: Min: 1, Avg: 3.8, Max: 7, Diff: 6, Sum: 30]
      [GC Worker Other (ms): Min: 0.0, Avg: 0.0, Max: 0.0, Diff: 0.0, Sum: 0.1]
      [GC Worker Total (ms): Min: 5.0, Avg: 5.1, Max: 5.3, Diff: 0.2, Sum: 41.1]
      [GC Worker End (ms): Min: 2137.0, Avg: 2137.0, Max: 2137.0, Diff: 0.0]
   [Code Root Fixup: 0.0 ms]
   [Code Root Purge: 0.0 ms]
   [Clear CT: 0.4 ms]
   [Other: 2.1 ms]
      [Choose CSet: 0.0 ms]
      [Ref Proc: 1.5 ms]
      [Ref Enq: 0.0 ms]
      [Redirty Cards: 0.3 ms]
      [Humongous Register: 0.0 ms]
      [Humongous Reclaim: 0.0 ms]
      [Free CSet: 0.0 ms]
   [Eden: 45056.0K(45056.0K)->0.0B(45056.0K) Survivors: 7168.0K->7168.0K Heap: 190.7M(1024.0M)->154.4M(1024.0M)]
 [Times: user=0.04 sys=0.00, real=0.01 secs] 
2023-01-17T20:32:14.500+0000: 2.140: [GC concurrent-root-region-scan-start]
2023-01-17T20:32:14.504+0000: 2.143: [GC concurrent-root-region-scan-end, 0.0031848 secs]
2023-01-17T20:32:14.504+0000: 2.143: [GC concurrent-mark-start]
2023-01-17T20:32:14.512+0000: 2.151: [GC concurrent-mark-end, 0.0079966 secs]
2023-01-17T20:32:14.512+0000: 2.151: [GC remark 2023-01-17T20:32:14.512+0000: 2.151: [Finalize Marking, 0.0009133 secs] 2023-01-17T20:32:14.513+0000: 2.152: [GC ref-proc, 0.0002509 secs] 2023-01-17T20:32:14.513+0000: 2.152: [Unloading, 0.0044656 secs], 0.0069837 secs]
 [Times: user=0.04 sys=0.00, real=0.01 secs] 
2023-01-17T20:32:14.519+0000: 2.158: [GC cleanup 154M->152M(1024M), 0.0010043 secs]
 [Times: user=0.00 sys=0.00, real=0.00 secs] 
2023-01-17T20:32:14.520+0000: 2.159: [GC concurrent-cleanup-start]
2023-01-17T20:32:14.520+0000: 2.159: [GC concurrent-cleanup-end, 0.0000080 secs]
Heap
 garbage-first heap   total 1048576K, used 207261K [0x00000000c0000000, 0x00000000c0102000, 0x0000000100000000)
  region size 1024K, 48 young (49152K), 7 survivors (7168K)
 Metaspace       used 43995K, capacity 49115K, committed 49280K, reserved 1091584K
  class space    used 5606K, capacity 6181K, committed 6272K, reserved 1048576K
